Feb-27 10:28:55.660 [main] DEBUG nextflow.cli.Launcher - $> nextflow run nf-core/bacass -r 2.5.0 -profile docker -c /home/vy/coding/web_dev/genome_pipeline_platfrom/local.config -params-file /home/vy/coding/web_dev/genome_pipeline_platfrom/runs/58/params.json
Feb-27 10:28:55.737 [main] DEBUG nextflow.cli.CmdRun - N E X T F L O W  ~  version 25.04.7
Feb-27 10:28:55.752 [main] DEBUG nextflow.plugin.PluginsFacade - Setting up plugin manager > mode=prod; embedded=false; plugins-dir=/home/vy/.nextflow/plugins; core-plugins: nf-amazon@2.15.0-patch1,nf-azure@1.16.0-patch1,nf-cloudcache@0.4.3,nf-codecommit@0.2.3,nf-console@1.2.1,nf-google@1.21.1,nf-k8s@1.0.0,nf-tower@1.11.4-patch1,nf-wave@1.12.1
Feb-27 10:28:55.769 [main] INFO  o.pf4j.DefaultPluginStatusProvider - Enabled plugins: []
Feb-27 10:28:55.770 [main] INFO  o.pf4j.DefaultPluginStatusProvider - Disabled plugins: []
Feb-27 10:28:55.772 [main] INFO  org.pf4j.DefaultPluginManager - PF4J version 3.12.0 in 'deployment' mode
Feb-27 10:28:55.781 [main] INFO  org.pf4j.AbstractPluginManager - No plugins
Feb-27 10:28:55.794 [main] DEBUG nextflow.scm.ProviderConfig - Using SCM config path: /home/vy/.nextflow/scm
Feb-27 10:28:56.745 [main] DEBUG nextflow.scm.AssetManager - Git config: /home/vy/.nextflow/assets/nf-core/bacass/.git/config; branch: main; remote: origin; url: https://github.com/nf-core/bacass.git
Feb-27 10:28:56.792 [main] DEBUG nextflow.scm.RepositoryFactory - Found Git repository result: [RepositoryFactory]
Feb-27 10:28:56.805 [main] DEBUG nextflow.scm.AssetManager - Git config: /home/vy/.nextflow/assets/nf-core/bacass/.git/config; branch: main; remote: origin; url: https://github.com/nf-core/bacass.git
Feb-27 10:29:02.654 [main] DEBUG nextflow.config.ConfigBuilder - Found config base: /home/vy/.nextflow/assets/nf-core/bacass/nextflow.config
Feb-27 10:29:02.656 [main] DEBUG nextflow.config.ConfigBuilder - User config file: /home/vy/coding/web_dev/genome_pipeline_platfrom/local.config
Feb-27 10:29:02.656 [main] DEBUG nextflow.config.ConfigBuilder - Parsing config file: /home/vy/.nextflow/assets/nf-core/bacass/nextflow.config
Feb-27 10:29:02.656 [main] DEBUG nextflow.config.ConfigBuilder - Parsing config file: /home/vy/coding/web_dev/genome_pipeline_platfrom/local.config
Feb-27 10:29:02.662 [main] DEBUG n.secret.LocalSecretsProvider - Secrets store: /home/vy/.nextflow/secrets/store.json
Feb-27 10:29:02.664 [main] DEBUG nextflow.secret.SecretsLoader - Discovered secrets providers: [nextflow.secret.LocalSecretsProvider@2ba42204] - activable => nextflow.secret.LocalSecretsProvider@2ba42204
Feb-27 10:29:02.678 [main] DEBUG nextflow.config.ConfigBuilder - Applying config profile: `docker`
Feb-27 10:29:03.744 [main] DEBUG nextflow.config.ConfigBuilder - Applying config profile: `docker`
Feb-27 10:29:03.758 [main] DEBUG nextflow.config.ConfigBuilder - Available config profiles: [bih, cfc_dev, uzl_omics, ifb_core, embl_hd, denbi_qbic, alice, mjolnir_globe, uppmax, giga, incliva, ilifu, ki_luria, uge, icr_alma, rosalind_uge, lugh, mccleary, unibe_ibu, vai, czbiohub_aws, jax, roslin, iris, tes, scw, unc_longleaf, tigem, tubingen_apg, apollo, ipop_up, vsc_calcua, pdc_kth, ceci_nic5, ccga_cau, humantechnopole, stjude, daisybio, eddie, medair, biowulf, apptainer, bi, bigpurple, adcra, cedars, pawsey_setonix, vsc_kul_uhasselt, pawsey_nimbus, rki, ucl_myriad, utd_ganymede, charliecloud, fred_hutch, seattlechildrens, icr_davros, ceres, arm, test_dfast, munin, rosalind, hasta, cfc, uzh, shu_bmrc, ebi_codon_slurm, ebc, ccga_dx, test_hybrid, crick, ku_sund_danhead, marvin, lrz_cm4, shifter, biohpc_gen, mana, mamba, york_viking, unc_lccc, wehi, awsbatch, wustl_htcf, arcc, ceci_dragon2, imperial, maestro, software_license, cannon, genotoul, nci_gadi, abims, eva_grace, test_long_dragonflye, janelia, nu_genomics, googlebatch, oist, sahmri, kaust, alliance_canada, mpcdf, leicester, vsc_ugent, create, sage, cambridge, jex, podman, ebi_codon, cheaha, xanadu, nyu_hpc, test, marjorie, test_long, computerome, ucd_sonic, gpu, seg_globe, mssm, sanger, dkfz, bluebear, test_long_miniasm_prokka, pasteur, einstein, ethz_euler, m3c, test_liftoff, test_full, imb, ucl_cscluster, tuos_stanage, azurebatch, seadragon, crukmi, csiro_petrichor, qmul_apocrita, wave, docker, engaging, gis, hypatia, psmn, eva, unity, cropdiversityhpc, nygc, fgcz, conda, crg, singularity, mpcdf_viper, dirac, self_hosted_runner, tufts, uw_hyak_pedslabs, binac2, debug, test_hybrid_dragonflye, hki_genie, test_long_miniasm, genouest, cbe, unsw_katana, utd_juno, gitpod, phoenix, seawulf, uod_hpc, fub_curta, lovelace, uct_hpc, aws_tower, binac, fsu_draco]
Feb-27 10:29:03.809 [main] DEBUG nextflow.cli.CmdRun - Applied DSL=2 by global default
Feb-27 10:29:03.810 [main] DEBUG nextflow.cli.CmdRun - Launching `https://github.com/nf-core/bacass` [chaotic_joliot] DSL2 - revision: 76e4b12cac [2.5.0]
Feb-27 10:29:03.812 [main] DEBUG nextflow.plugin.PluginsFacade - Plugins declared=[nf-schema@2.4.2]
Feb-27 10:29:03.813 [main] DEBUG nextflow.plugin.PluginsFacade - Plugins default=[]
Feb-27 10:29:03.813 [main] DEBUG nextflow.plugin.PluginsFacade - Plugins resolved requirement=[nf-schema@2.4.2]
Feb-27 10:29:03.815 [main] DEBUG nextflow.plugin.PluginUpdater - Installing plugin nf-schema version: 2.4.2
Feb-27 10:29:03.825 [main] INFO  org.pf4j.AbstractPluginManager - Plugin 'nf-schema@2.4.2' resolved
Feb-27 10:29:03.825 [main] INFO  org.pf4j.AbstractPluginManager - Start plugin 'nf-schema@2.4.2'
Feb-27 10:29:03.838 [main] DEBUG nextflow.plugin.BasePlugin - Plugin started nf-schema@2.4.2
Feb-27 10:29:03.919 [main] DEBUG nextflow.Session - Session UUID: 622999d0-65b1-467b-a198-22b28220e13d
Feb-27 10:29:03.920 [main] DEBUG nextflow.Session - Run name: chaotic_joliot
Feb-27 10:29:03.920 [main] DEBUG nextflow.Session - Executor pool size: 14
Feb-27 10:29:03.929 [main] DEBUG nextflow.file.FilePorter - File porter settings maxRetries=3; maxTransfers=50; pollTimeout=null
Feb-27 10:29:03.935 [main] DEBUG nextflow.util.ThreadPoolBuilder - Creating thread pool 'FileTransfer' minSize=10; maxSize=42; workQueue=LinkedBlockingQueue[-1]; allowCoreThreadTimeout=false
Feb-27 10:29:03.955 [main] DEBUG nextflow.cli.CmdRun - 
  Version: 25.04.7 build 5955
  Created: 08-09-2025 13:29 UTC 
  System: Linux 6.8.0-101-generic
  Runtime: Groovy 4.0.26 on OpenJDK 64-Bit Server VM 17.0.18+8-Ubuntu-122.04.1
  Encoding: UTF-8 (UTF-8)
  Process: 56177@Vy [127.0.1.1]
  CPUs: 14 - Mem: 15.1 GB (4.2 GB) - Swap: 0 (0)
Feb-27 10:29:03.970 [main] DEBUG nextflow.Session - Work-dir: /home/vy/coding/web_dev/genome_pipeline_platfrom/work [ext2/ext3]
Feb-27 10:29:04.003 [main] DEBUG nextflow.executor.ExecutorFactory - Extension executors providers=[]
Feb-27 10:29:04.015 [main] DEBUG nextflow.Session - Observer factory: DefaultObserverFactory
Feb-27 10:29:04.039 [main] DEBUG nextflow.Session - Observer factory: ValidationObserverFactory
Feb-27 10:29:04.045 [main] DEBUG nextflow.Session - Observer factory (v2): LinObserverFactory
Feb-27 10:29:04.085 [main] DEBUG nextflow.cache.CacheFactory - Using Nextflow cache factory: nextflow.cache.DefaultCacheFactory
Feb-27 10:29:04.097 [main] DEBUG nextflow.util.CustomThreadPool - Creating default thread pool > poolSize: 15; maxThreads: 1000
Feb-27 10:29:04.158 [main] DEBUG nextflow.Session - Session start
Feb-27 10:29:04.162 [main] DEBUG nextflow.trace.TraceFileObserver - Workflow started -- trace file: /home/vy/coding/web_dev/genome_pipeline_platfrom/runs/58/pipeline_info/execution_trace_2026-02-27_10-29-02.txt
Feb-27 10:29:04.171 [main] DEBUG n.validation.config.ValidationConfig - Set `validation.monochromeLogs` to false
Feb-27 10:29:04.174 [main] DEBUG n.validation.config.ValidationConfig - Added the following parameters to the ignored parameters: [genomes]
Feb-27 10:29:04.177 [main] DEBUG n.validation.config.HelpConfig - Set `validation.help.enabled` to true
Feb-27 10:29:04.178 [main] DEBUG n.validation.config.HelpConfig - Set `validation.help.showHiddenParameter` to show_hidden
Feb-27 10:29:04.179 [main] DEBUG n.validation.config.HelpConfig - Set `validation.help.showHidden` to false (Due to --show_hidden)
Feb-27 10:29:04.179 [main] DEBUG n.validation.config.HelpConfig - Set `validation.help.fullParameter` to help_full
Feb-27 10:29:04.190 [main] DEBUG n.validation.config.HelpConfig - Set `validation.help.beforeText` to 
------------------------------------------------------
                                        ,--./,-.
        ___     __   __   __   ___     /,-._.--~'
  |\ | |__  __ /  ` /  \ |__) |__         }  {
  | \| |       \__, \__/ |  \ |___     \`-._,-`-,
                                        `._,._,'
  nf-core/bacass 2.5.0
------------------------------------------------------

Feb-27 10:29:04.192 [main] DEBUG n.validation.config.HelpConfig - Set `validation.help.afterText` to 
* The pipeline
    https://doi.org/10.5281/zenodo.2669428

* The nf-core framework
    https://doi.org/10.1038/s41587-020-0439-x

* Software dependencies
    https://github.com/nf-core/bacass/blob/main/CITATIONS.md

Feb-27 10:29:04.195 [main] DEBUG n.validation.config.HelpConfig - Set `validation.help.command` to nextflow run nf-core/bacass -profile <docker/singularity/.../institute> --input samplesheet.csv --outdir <OUTDIR>
Feb-27 10:29:04.200 [main] DEBUG n.validation.config.SummaryConfig - Set `validation.summary.beforeText` to 
------------------------------------------------------
                                        ,--./,-.
        ___     __   __   __   ___     /,-._.--~'
  |\ | |__  __ /  ` /  \ |__) |__         }  {
  | \| |       \__, \__/ |  \ |___     \`-._,-`-,
                                        `._,._,'
  nf-core/bacass 2.5.0
------------------------------------------------------

Feb-27 10:29:04.201 [main] DEBUG n.validation.config.SummaryConfig - Set `validation.summary.afterText` to 
* The pipeline
    https://doi.org/10.5281/zenodo.2669428

* The nf-core framework
    https://doi.org/10.1038/s41587-020-0439-x

* Software dependencies
    https://github.com/nf-core/bacass/blob/main/CITATIONS.md

Feb-27 10:29:04.342 [main] DEBUG nextflow.script.ScriptRunner - > Launching execution
Feb-27 10:29:06.982 [main] DEBUG nextflow.script.IncludeDef - Loading included plugin extensions with names: [paramsSummaryMap:paramsSummaryMap]; plugin Id: nf-schema
Feb-27 10:29:06.986 [main] DEBUG n.validation.config.ValidationConfig - Set `validation.monochromeLogs` to false
Feb-27 10:29:06.986 [main] DEBUG n.validation.config.ValidationConfig - Added the following parameters to the ignored parameters: [genomes]
Feb-27 10:29:06.987 [main] DEBUG n.validation.config.HelpConfig - Set `validation.help.enabled` to true
Feb-27 10:29:06.987 [main] DEBUG n.validation.config.HelpConfig - Set `validation.help.showHiddenParameter` to show_hidden
Feb-27 10:29:06.987 [main] DEBUG n.validation.config.HelpConfig - Set `validation.help.showHidden` to false (Due to --show_hidden)
Feb-27 10:29:06.987 [main] DEBUG n.validation.config.HelpConfig - Set `validation.help.fullParameter` to help_full
Feb-27 10:29:06.987 [main] DEBUG n.validation.config.HelpConfig - Set `validation.help.beforeText` to 
------------------------------------------------------
                                        ,--./,-.
        ___     __   __   __   ___     /,-._.--~'
  |\ | |__  __ /  ` /  \ |__) |__         }  {
  | \| |       \__, \__/ |  \ |___     \`-._,-`-,
                                        `._,._,'
  nf-core/bacass 2.5.0
------------------------------------------------------

Feb-27 10:29:06.987 [main] DEBUG n.validation.config.HelpConfig - Set `validation.help.afterText` to 
* The pipeline
    https://doi.org/10.5281/zenodo.2669428

* The nf-core framework
    https://doi.org/10.1038/s41587-020-0439-x

* Software dependencies
    https://github.com/nf-core/bacass/blob/main/CITATIONS.md

Feb-27 10:29:06.987 [main] DEBUG n.validation.config.HelpConfig - Set `validation.help.command` to nextflow run nf-core/bacass -profile <docker/singularity/.../institute> --input samplesheet.csv --outdir <OUTDIR>
Feb-27 10:29:06.988 [main] DEBUG n.validation.config.SummaryConfig - Set `validation.summary.beforeText` to 
------------------------------------------------------
                                        ,--./,-.
        ___     __   __   __   ___     /,-._.--~'
  |\ | |__  __ /  ` /  \ |__) |__         }  {
  | \| |       \__, \__/ |  \ |___     \`-._,-`-,
                                        `._,._,'
  nf-core/bacass 2.5.0
------------------------------------------------------

Feb-27 10:29:06.988 [main] DEBUG n.validation.config.SummaryConfig - Set `validation.summary.afterText` to 
* The pipeline
    https://doi.org/10.5281/zenodo.2669428

* The nf-core framework
    https://doi.org/10.1038/s41587-020-0439-x

* Software dependencies
    https://github.com/nf-core/bacass/blob/main/CITATIONS.md

Feb-27 10:29:07.146 [main] DEBUG nextflow.script.IncludeDef - Loading included plugin extensions with names: [paramsSummaryLog:paramsSummaryLog]; plugin Id: nf-schema
Feb-27 10:29:07.147 [main] DEBUG nextflow.script.IncludeDef - Loading included plugin extensions with names: [validateParameters:validateParameters]; plugin Id: nf-schema
Feb-27 10:29:07.149 [main] DEBUG nextflow.script.IncludeDef - Loading included plugin extensions with names: [paramsSummaryMap:paramsSummaryMap]; plugin Id: nf-schema
Feb-27 10:29:07.150 [main] DEBUG nextflow.script.IncludeDef - Loading included plugin extensions with names: [samplesheetToList:samplesheetToList]; plugin Id: nf-schema
Feb-27 10:29:07.295 [main] DEBUG nextflow.script.IncludeDef - Loading included plugin extensions with names: [paramsSummaryLog:paramsSummaryLog]; plugin Id: nf-schema
Feb-27 10:29:07.296 [main] DEBUG nextflow.script.IncludeDef - Loading included plugin extensions with names: [validateParameters:validateParameters]; plugin Id: nf-schema
Feb-27 10:29:07.297 [main] DEBUG nextflow.script.IncludeDef - Loading included plugin extensions with names: [paramsSummaryMap:paramsSummaryMap]; plugin Id: nf-schema
Feb-27 10:29:07.297 [main] DEBUG nextflow.script.IncludeDef - Loading included plugin extensions with names: [samplesheetToList:samplesheetToList]; plugin Id: nf-schema
Feb-27 10:29:07.423 [main] INFO  nextflow.Nextflow - 
------------------------------------------------------
                                        ,--./,-.
        ___     __   __   __   ___     /,-._.--~'
  |\ | |__  __ /  ` /  \ |__) |__         }  {
  | \| |       \__, \__/ |  \ |___     \`-._,-`-,
                                        `._,._,'
  nf-core/bacass 2.5.0
------------------------------------------------------
[1mInput/output options[0m
  [0;34minput              : [0;32m/home/vy/coding/web_dev/genome_pipeline_platfrom/runs/58/samplesheet.tsv[0m
  [0;34moutdir             : [0;32m/home/vy/coding/web_dev/genome_pipeline_platfrom/runs/58[0m

[1mAssembly parameters[0m
  [0;34massembly_type      : [0;32mshort[0m
  [0;34mcanu_mode          : [0;32m-nanopore[0m

[1mAnnotation[0m
  [0;34mdfast_config       : [0;32m/home/vy/.nextflow/assets/nf-core/bacass/assets/test_config_dfast.py[0m

[1mSkipping Options[0m
  [0;34mskip_kraken2       : [0;32mtrue[0m
  [0;34mskip_kmerfinder    : [0;32mtrue[0m
  [0;34mskip_busco         : [0;32mtrue[0m

[1mGeneric options[0m
  [0;34mtrace_report_suffix: [0;32m2026-02-27_10-29-02[0m

[1mCore Nextflow options[0m
  [0;34mrevision           : [0;32m2.5.0[0m
  [0;34mrunName            : [0;32mchaotic_joliot[0m
  [0;34mcontainerEngine    : [0;32mdocker[0m
  [0;34mlaunchDir          : [0;32m/home/vy/coding/web_dev/genome_pipeline_platfrom[0m
  [0;34mworkDir            : [0;32m/home/vy/coding/web_dev/genome_pipeline_platfrom/work[0m
  [0;34mprojectDir         : [0;32m/home/vy/.nextflow/assets/nf-core/bacass[0m
  [0;34muserName           : [0;32mvy[0m
  [0;34mprofile            : [0;32mdocker[0m
  [0;34mconfigFiles        : [0;32m/home/vy/.nextflow/assets/nf-core/bacass/nextflow.config, /home/vy/coding/web_dev/genome_pipeline_platfrom/local.config[0m

!! Only displaying parameters that differ from the pipeline defaults !!
-[2m----------------------------------------------------[0m-
* The pipeline
    https://doi.org/10.5281/zenodo.2669428

* The nf-core framework
    https://doi.org/10.1038/s41587-020-0439-x

* Software dependencies
    https://github.com/nf-core/bacass/blob/main/CITATIONS.md

Feb-27 10:29:07.428 [main] DEBUG n.v.parameters.ParameterValidator - Starting parameters validation
Feb-27 10:29:07.508 [main] DEBUG n.v.v.evaluators.SchemaEvaluator - Started validating /home/vy/coding/web_dev/genome_pipeline_platfrom/runs/58/samplesheet.tsv
Feb-27 10:29:07.554 [main] DEBUG n.v.v.evaluators.SchemaEvaluator - Validation of file '/home/vy/coding/web_dev/genome_pipeline_platfrom/runs/58/samplesheet.tsv' passed!
Feb-27 10:29:07.559 [main] DEBUG n.v.parameters.ParameterValidator - Finishing parameters validation
Feb-27 10:29:07.657 [main] DEBUG nextflow.script.ProcessConfig - Config settings `withLabel:process_single` matches labels `process_single` for process with name NFCORE_BACASS:BACASS:CAT_FASTQ_SHORT
Feb-27 10:29:07.663 [main] DEBUG nextflow.executor.ExecutorFactory - << taskConfig executor: null
Feb-27 10:29:07.663 [main] DEBUG nextflow.executor.ExecutorFactory - >> processorType: 'local'
Feb-27 10:29:07.667 [main] DEBUG nextflow.executor.Executor - [warm up] executor > local
Feb-27 10:29:07.670 [main] DEBUG n.processor.LocalPollingMonitor - Creating local task monitor for executor 'local' > cpus=14; memory=15.1 GB; capacity=14; pollInterval=100ms; dumpInterval=5m
Feb-27 10:29:07.672 [main] DEBUG n.processor.TaskPollingMonitor - >>> barrier register (monitor: local)
Feb-27 10:29:07.685 [main] DEBUG nextflow.processor.TaskProcessor - Creating process 'NFCORE_BACASS:BACASS:CAT_FASTQ_SHORT': maxForks=0; fair=false; array=0
Feb-27 10:29:07.712 [main] DEBUG nextflow.script.ProcessConfig - Config settings `withLabel:process_medium` matches labels `process_medium` for process with name NFCORE_BACASS:BACASS:FASTQ_TRIM_FASTP_FASTQC:FASTQC_RAW
Feb-27 10:29:07.713 [main] DEBUG nextflow.script.ProcessConfig - Config settings `withName:FASTQC|MULTIQC` matches process NFCORE_BACASS:BACASS:FASTQ_TRIM_FASTP_FASTQC:FASTQC_RAW
Feb-27 10:29:07.714 [main] DEBUG nextflow.script.ProcessConfig - Config settings `withName:.*:.*:FASTQ_TRIM_FASTP_FASTQC:FASTQC_RAW` matches process NFCORE_BACASS:BACASS:FASTQ_TRIM_FASTP_FASTQC:FASTQC_RAW
Feb-27 10:29:07.716 [main] DEBUG nextflow.executor.ExecutorFactory - << taskConfig executor: null
Feb-27 10:29:07.716 [main] DEBUG nextflow.executor.ExecutorFactory - >> processorType: 'local'
Feb-27 10:29:07.717 [main] DEBUG nextflow.processor.TaskProcessor - Creating process 'NFCORE_BACASS:BACASS:FASTQ_TRIM_FASTP_FASTQC:FASTQC_RAW': maxForks=0; fair=false; array=0
Feb-27 10:29:07.729 [main] DEBUG nextflow.script.ProcessConfig - Config settings `withLabel:process_medium` matches labels `process_medium` for process with name NFCORE_BACASS:BACASS:FASTQ_TRIM_FASTP_FASTQC:FASTP
Feb-27 10:29:07.731 [main] DEBUG nextflow.script.ProcessConfig - Config settings `withName:.*:.*:FASTQ_TRIM_FASTP_FASTQC:FASTP` matches process NFCORE_BACASS:BACASS:FASTQ_TRIM_FASTP_FASTQC:FASTP
Feb-27 10:29:07.733 [main] DEBUG nextflow.executor.ExecutorFactory - << taskConfig executor: null
Feb-27 10:29:07.733 [main] DEBUG nextflow.executor.ExecutorFactory - >> processorType: 'local'
Feb-27 10:29:07.734 [main] DEBUG nextflow.processor.TaskProcessor - Creating process 'NFCORE_BACASS:BACASS:FASTQ_TRIM_FASTP_FASTQC:FASTP': maxForks=0; fair=false; array=0
Feb-27 10:29:07.745 [main] DEBUG nextflow.script.ProcessConfig - Config settings `withLabel:process_medium` matches labels `process_medium` for process with name NFCORE_BACASS:BACASS:FASTQ_TRIM_FASTP_FASTQC:FASTQC_TRIM
Feb-27 10:29:07.746 [main] DEBUG nextflow.script.ProcessConfig - Config settings `withName:FASTQC|MULTIQC` matches process NFCORE_BACASS:BACASS:FASTQ_TRIM_FASTP_FASTQC:FASTQC_TRIM
Feb-27 10:29:07.746 [main] DEBUG nextflow.script.ProcessConfig - Config settings `withName:.*:.*:FASTQ_TRIM_FASTP_FASTQC:FASTQC_TRIM` matches process NFCORE_BACASS:BACASS:FASTQ_TRIM_FASTP_FASTQC:FASTQC_TRIM
Feb-27 10:29:07.747 [main] DEBUG nextflow.executor.ExecutorFactory - << taskConfig executor: null
Feb-27 10:29:07.747 [main] DEBUG nextflow.executor.ExecutorFactory - >> processorType: 'local'
Feb-27 10:29:07.748 [main] DEBUG nextflow.processor.TaskProcessor - Creating process 'NFCORE_BACASS:BACASS:FASTQ_TRIM_FASTP_FASTQC:FASTQC_TRIM': maxForks=0; fair=false; array=0
Feb-27 10:29:07.759 [main] DEBUG nextflow.script.ProcessConfig - Config settings `withLabel:process_low` matches labels `process_low` for process with name NFCORE_BACASS:BACASS:QC_NANOPLOT_TOULLIGQC:NANOPLOT
Feb-27 10:29:07.759 [main] DEBUG nextflow.script.ProcessConfig - Config settings `withName:NANOPLOT` matches process NFCORE_BACASS:BACASS:QC_NANOPLOT_TOULLIGQC:NANOPLOT
Feb-27 10:29:07.761 [main] DEBUG nextflow.executor.ExecutorFactory - << taskConfig executor: null
Feb-27 10:29:07.761 [main] DEBUG nextflow.executor.ExecutorFactory - >> processorType: 'local'
Feb-27 10:29:07.762 [main] DEBUG nextflow.processor.TaskProcessor - Creating process 'NFCORE_BACASS:BACASS:QC_NANOPLOT_TOULLIGQC:NANOPLOT': maxForks=0; fair=false; array=0
Feb-27 10:29:07.769 [main] DEBUG nextflow.script.ProcessConfig - Config settings `withLabel:process_low` matches labels `process_low` for process with name NFCORE_BACASS:BACASS:QC_NANOPLOT_TOULLIGQC:TOULLIGQC
Feb-27 10:29:07.769 [main] DEBUG nextflow.script.ProcessConfig - Config settings `withName:TOULLIGQC` matches process NFCORE_BACASS:BACASS:QC_NANOPLOT_TOULLIGQC:TOULLIGQC
Feb-27 10:29:07.771 [main] DEBUG nextflow.executor.ExecutorFactory - << taskConfig executor: null
Feb-27 10:29:07.771 [main] DEBUG nextflow.executor.ExecutorFactory - >> processorType: 'local'
Feb-27 10:29:07.772 [main] DEBUG nextflow.processor.TaskProcessor - Creating process 'NFCORE_BACASS:BACASS:QC_NANOPLOT_TOULLIGQC:TOULLIGQC': maxForks=0; fair=false; array=0
Feb-27 10:29:07.781 [main] DEBUG nextflow.script.ProcessConfig - Config settings `withLabel:process_medium` matches labels `process_medium` for process with name NFCORE_BACASS:BACASS:PYCOQC
Feb-27 10:29:07.782 [main] DEBUG nextflow.script.ProcessConfig - Config settings `withName:PYCOQC` matches process NFCORE_BACASS:BACASS:PYCOQC
Feb-27 10:29:07.783 [main] DEBUG nextflow.executor.ExecutorFactory - << taskConfig executor: null
Feb-27 10:29:07.784 [main] DEBUG nextflow.executor.ExecutorFactory - >> processorType: 'local'
Feb-27 10:29:07.784 [main] DEBUG nextflow.processor.TaskProcessor - Creating process 'NFCORE_BACASS:BACASS:PYCOQC': maxForks=0; fair=false; array=0
Feb-27 10:29:07.793 [main] DEBUG nextflow.script.ProcessConfig - Config settings `withLabel:process_high` matches labels `process_high` for process with name NFCORE_BACASS:BACASS:UNICYCLER
Feb-27 10:29:07.794 [main] DEBUG nextflow.script.ProcessConfig - Config settings `withName:UNICYCLER` matches process NFCORE_BACASS:BACASS:UNICYCLER
Feb-27 10:29:07.794 [main] DEBUG nextflow.script.ProcessConfig - Config settings `withName:UNICYCLER|CANU|DRAGONFLYE|PROKKA` matches process NFCORE_BACASS:BACASS:UNICYCLER
Feb-27 10:29:07.795 [main] DEBUG nextflow.executor.ExecutorFactory - << taskConfig executor: null
Feb-27 10:29:07.795 [main] DEBUG nextflow.executor.ExecutorFactory - >> processorType: 'local'
Feb-27 10:29:07.796 [main] DEBUG nextflow.processor.TaskProcessor - Creating process 'NFCORE_BACASS:BACASS:UNICYCLER': maxForks=0; fair=false; array=0
Feb-27 10:29:07.811 [main] DEBUG nextflow.script.ProcessConfig - Config settings `withLabel:process_medium` matches labels `process_medium` for process with name NFCORE_BACASS:BACASS:QUAST
Feb-27 10:29:07.812 [main] DEBUG nextflow.script.ProcessConfig - Config settings `withName:QUAST|QUAST_BYREFSEQID` matches process NFCORE_BACASS:BACASS:QUAST
Feb-27 10:29:07.814 [main] DEBUG nextflow.executor.ExecutorFactory - << taskConfig executor: null
Feb-27 10:29:07.814 [main] DEBUG nextflow.executor.ExecutorFactory - >> processorType: 'local'
Feb-27 10:29:07.814 [main] DEBUG nextflow.processor.TaskProcessor - Creating process 'NFCORE_BACASS:BACASS:QUAST': maxForks=0; fair=false; array=0
Feb-27 10:29:07.823 [main] DEBUG nextflow.script.ProcessConfig - Config settings `withLabel:process_single` matches labels `process_single` for process with name NFCORE_BACASS:BACASS:GUNZIP
Feb-27 10:29:07.825 [main] DEBUG nextflow.executor.ExecutorFactory - << taskConfig executor: null
Feb-27 10:29:07.825 [main] DEBUG nextflow.executor.ExecutorFactory - >> processorType: 'local'
Feb-27 10:29:07.826 [main] DEBUG nextflow.processor.TaskProcessor - Creating process 'NFCORE_BACASS:BACASS:GUNZIP': maxForks=0; fair=false; array=0
Feb-27 10:29:07.840 [main] DEBUG nextflow.script.ProcessConfig - Config settings `withLabel:process_low` matches labels `process_low` for process with name NFCORE_BACASS:BACASS:PROKKA
Feb-27 10:29:07.841 [main] DEBUG nextflow.script.ProcessConfig - Config settings `withName:PROKKA` matches process NFCORE_BACASS:BACASS:PROKKA
Feb-27 10:29:07.841 [main] DEBUG nextflow.script.ProcessConfig - Config settings `withName:UNICYCLER|CANU|DRAGONFLYE|PROKKA` matches process NFCORE_BACASS:BACASS:PROKKA
Feb-27 10:29:07.844 [main] DEBUG nextflow.executor.ExecutorFactory - << taskConfig executor: null
Feb-27 10:29:07.844 [main] DEBUG nextflow.executor.ExecutorFactory - >> processorType: 'local'
Feb-27 10:29:07.845 [main] DEBUG nextflow.processor.TaskProcessor - Creating process 'NFCORE_BACASS:BACASS:PROKKA': maxForks=0; fair=false; array=0
Feb-27 10:29:07.915 [main] DEBUG nextflow.script.ProcessConfig - Config settings `withLabel:process_medium` matches labels `process_medium` for process with name NFCORE_BACASS:BACASS:CUSTOM_MULTIQC
Feb-27 10:29:07.915 [main] DEBUG nextflow.script.ProcessConfig - Config settings `withName:CUSTOM_MULTIQC` matches process NFCORE_BACASS:BACASS:CUSTOM_MULTIQC
Feb-27 10:29:07.917 [main] DEBUG nextflow.executor.ExecutorFactory - << taskConfig executor: null
Feb-27 10:29:07.917 [main] DEBUG nextflow.executor.ExecutorFactory - >> processorType: 'local'
Feb-27 10:29:07.918 [main] DEBUG nextflow.processor.TaskProcessor - Creating process 'NFCORE_BACASS:BACASS:CUSTOM_MULTIQC': maxForks=0; fair=false; array=0
Feb-27 10:29:07.935 [main] DEBUG nextflow.Session - Config process names validation disabled as requested
Feb-27 10:29:07.938 [main] DEBUG nextflow.Session - Igniting dataflow network (57)
Feb-27 10:29:07.939 [main] DEBUG nextflow.processor.TaskProcessor - Starting process > NFCORE_BACASS:BACASS:CAT_FASTQ_SHORT
Feb-27 10:29:07.939 [main] DEBUG nextflow.processor.TaskProcessor - Starting process > NFCORE_BACASS:BACASS:FASTQ_TRIM_FASTP_FASTQC:FASTQC_RAW
Feb-27 10:29:07.939 [main] DEBUG nextflow.processor.TaskProcessor - Starting process > NFCORE_BACASS:BACASS:FASTQ_TRIM_FASTP_FASTQC:FASTP
Feb-27 10:29:07.939 [main] DEBUG nextflow.processor.TaskProcessor - Starting process > NFCORE_BACASS:BACASS:FASTQ_TRIM_FASTP_FASTQC:FASTQC_TRIM
Feb-27 10:29:07.939 [main] DEBUG nextflow.processor.TaskProcessor - Starting process > NFCORE_BACASS:BACASS:QC_NANOPLOT_TOULLIGQC:NANOPLOT
Feb-27 10:29:07.939 [main] DEBUG nextflow.processor.TaskProcessor - Starting process > NFCORE_BACASS:BACASS:QC_NANOPLOT_TOULLIGQC:TOULLIGQC
Feb-27 10:29:07.940 [main] DEBUG nextflow.processor.TaskProcessor - Starting process > NFCORE_BACASS:BACASS:PYCOQC
Feb-27 10:29:07.940 [main] DEBUG nextflow.processor.TaskProcessor - Starting process > NFCORE_BACASS:BACASS:UNICYCLER
Feb-27 10:29:07.940 [main] DEBUG nextflow.processor.TaskProcessor - Starting process > NFCORE_BACASS:BACASS:QUAST
Feb-27 10:29:07.942 [main] DEBUG nextflow.processor.TaskProcessor - Starting process > NFCORE_BACASS:BACASS:GUNZIP
Feb-27 10:29:07.942 [main] DEBUG nextflow.processor.TaskProcessor - Starting process > NFCORE_BACASS:BACASS:PROKKA
Feb-27 10:29:07.942 [Actor Thread 14] DEBUG nextflow.file.SortFileCollector - FileCollector temp dir not removed: null
Feb-27 10:29:07.950 [main] DEBUG nextflow.processor.TaskProcessor - Starting process > NFCORE_BACASS:BACASS:CUSTOM_MULTIQC
Feb-27 10:29:07.951 [main] DEBUG nextflow.script.ScriptRunner - Parsed script files:
  Script_3180e8c31ce54d03: /home/vy/.nextflow/assets/nf-core/bacass/workflows/bacass.nf
  Script_3a70a6151321647b: /home/vy/.nextflow/assets/nf-core/bacass/subworkflows/nf-core/fastq_trim_fastp_fastqc/main.nf
  Script_b666ee5b1a47ec88: /home/vy/.nextflow/assets/nf-core/bacass/modules/nf-core/minimap2/align/main.nf
  Script_759dc90d68a2bc31: /home/vy/.nextflow/assets/nf-core/bacass/modules/local/kmerfinder/summary/main.nf
  Script_215a636da7ab24a2: /home/vy/.nextflow/assets/nf-core/bacass/subworkflows/nf-core/utils_nfschema_plugin/main.nf
  Script_35b31ac9af36aa49: /home/vy/.nextflow/assets/nf-core/bacass/main.nf
  Script_9e61b79b569950a4: /home/vy/.nextflow/assets/nf-core/bacass/modules/nf-core/fastqc/main.nf
  Script_5c4e8d4051efa81e: /home/vy/.nextflow/assets/nf-core/bacass/subworkflows/nf-core/utils_nfcore_pipeline/main.nf
  Script_0bbaa8ea833b1abe: /home/vy/.nextflow/assets/nf-core/bacass/modules/nf-core/porechop/porechop/main.nf
  Script_d2480ba01e1d3d38: /home/vy/.nextflow/assets/nf-core/bacass/modules/local/kmerfinder/download_reference/main.nf
  Script_edff95f9ac8bee2c: /home/vy/.nextflow/assets/nf-core/bacass/modules/nf-core/filtlong/main.nf
  Script_a985a58e759b7693: /home/vy/.nextflow/assets/nf-core/bacass/modules/nf-core/dragonflye/main.nf
  Script_a40e3a23fa9445a8: /home/vy/.nextflow/assets/nf-core/bacass/modules/local/pycoqc/main.nf
  Script_9892308df47cf9ae: /home/vy/.nextflow/assets/nf-core/bacass/modules/nf-core/samtools/sort/main.nf
  Script_bc4a2d120a8a17bc: /home/vy/.nextflow/assets/nf-core/bacass/modules/nf-core/kraken2/kraken2/main.nf
  Script_e644fb6da94d4bab: /home/vy/.nextflow/assets/nf-core/bacass/modules/nf-core/untar/main.nf
  Script_420fe2ef2d15d1d3: /home/vy/.nextflow/assets/nf-core/bacass/subworkflows/local/utils_nfcore_bacass_pipeline/main.nf
  Script_07dc9629fb0b74a6: /home/vy/.nextflow/assets/nf-core/bacass/modules/nf-core/samtools/index/main.nf
  Script_bfa88c61c1eda657: /home/vy/.nextflow/assets/nf-core/bacass/modules/nf-core/unicycler/main.nf
  Script_f3aedb5fc77165b9: /home/vy/.nextflow/assets/nf-core/bacass/modules/nf-core/racon/main.nf
  Script_a75fc436c3304d43: /home/vy/.nextflow/assets/nf-core/bacass/modules/local/kmerfinder/kmerfinder/main.nf
  Script_d0681043cdd3b4fd: /home/vy/.nextflow/assets/nf-core/bacass/modules/nf-core/prokka/main.nf
  Script_13768c8fee03b0e0: /home/vy/.nextflow/assets/nf-core/bacass/modules/nf-core/gunzip/main.nf
  Script_ae2806eb3177461f: /home/vy/.nextflow/assets/nf-core/bacass/modules/nf-core/miniasm/main.nf
  Script_4f612cfd8c52e8cd: /home/vy/.nextflow/assets/nf-core/bacass/subworkflows/nf-core/utils_nextflow_pipeline/main.nf
  Script_0c46f3221ef14a2f: /home/vy/.nextflow/assets/nf-core/bacass/modules/local/dfast/main.nf
  Script_5f108d62a5477f8f: /home/vy/.nextflow/assets/nf-core/bacass/modules/nf-core/bakta/baktadbdownload/main.nf
  Script_8a4c3a02fabbc634: /home/vy/.nextflow/assets/nf-core/bacass/subworkflows/local/bakta_dbdownload_run/main.nf
  Script_93d53436399fc000: /home/vy/.nextflow/assets/nf-core/bacass/modules/nf-core/toulligqc/main.nf
  Script_b355087dc9d365d0: /home/vy/.nextflow/assets/nf-core/bacass/modules/nf-core/fastp/main.nf
  Script_509f10dbf866989b: /home/vy/.nextflow/assets/nf-core/bacass/modules/nf-core/busco/busco/main.nf
  Script_8b6f2bf5665f668d: /home/vy/.nextflow/assets/nf-core/bacass/modules/nf-core/bakta/bakta/main.nf
  Script_3f1093487222a804: /home/vy/.nextflow/assets/nf-core/bacass/modules/local/custom/multiqc/main.nf
  Script_4871151a48ff6124: /home/vy/.nextflow/assets/nf-core/bacass/modules/nf-core/nanoplot/main.nf
  Script_c3797b75a7e32c5c: /home/vy/.nextflow/assets/nf-core/bacass/modules/nf-core/quast/main.nf
  Script_849b6f05ec067f5b: /home/vy/.nextflow/assets/nf-core/bacass/subworkflows/local/qc_nanoplot_toulliqc/main.nf
  Script_5ef7fa158c817bca: /home/vy/.nextflow/assets/nf-core/bacass/modules/nf-core/canu/main.nf
  Script_f3d968f8997e6cb0: /home/vy/.nextflow/assets/nf-core/bacass/modules/local/kraken2/db_preparation/main.nf
  Script_fdffeb56d0715469: /home/vy/.nextflow/assets/nf-core/bacass/subworkflows/local/kmerfinder_summary_download/main.nf
  Script_4f1d4a2f57327fbd: /home/vy/.nextflow/assets/nf-core/bacass/modules/local/nanopolish/main.nf
  Script_d0ed91731c97b86d: /home/vy/.nextflow/assets/nf-core/bacass/modules/nf-core/liftoff/main.nf
  Script_3365bfaa4af8646c: /home/vy/.nextflow/assets/nf-core/bacass/modules/local/medaka/main.nf
  Script_f0c9be7d13f120a6: /home/vy/.nextflow/assets/nf-core/bacass/modules/nf-core/cat/fastq/main.nf
Feb-27 10:29:07.952 [main] DEBUG nextflow.script.ScriptRunner - > Awaiting termination 
Feb-27 10:29:07.952 [main] DEBUG nextflow.Session - Session await
Feb-27 10:29:08.009 [Actor Thread 18] DEBUG nextflow.sort.BigSort - Sort completed -- entries: 1; slices: 1; internal sort time: 0.001 s; external sort time: 0.007 s; total time: 0.008 s
Feb-27 10:29:08.012 [Actor Thread 18] DEBUG nextflow.file.FileCollector - Saved collect-files list to: /home/vy/coding/web_dev/genome_pipeline_platfrom/work/collect-file/c69122ed4fbc804f7c9484aaa9a9ed46
Feb-27 10:29:08.016 [Actor Thread 18] DEBUG nextflow.file.FileCollector - Deleting file collector temp dir: /tmp/nxf-10376681204997378689
Feb-27 10:29:08.093 [Task submitter] DEBUG nextflow.processor.TaskProcessor - Handling unexpected condition for
  task: name=NFCORE_BACASS:BACASS:FASTQ_TRIM_FASTP_FASTQC:FASTP (sample_58); work-dir=/home/vy/coding/web_dev/genome_pipeline_platfrom/work/b6/4dc295e8bdfec547d0eead33dd6888
  error [nextflow.exception.ProcessUnrecoverableException]: Process requirement exceeds available memory -- req: 36 GB; avail: 15.1 GB
Feb-27 10:29:08.107 [Task submitter] DEBUG nextflow.processor.TaskRun - Unable to dump error of process 'NFCORE_BACASS:BACASS:FASTQ_TRIM_FASTP_FASTQC:FASTP (sample_58)' -- Cause: java.nio.file.NoSuchFileException: /home/vy/coding/web_dev/genome_pipeline_platfrom/work/b6/4dc295e8bdfec547d0eead33dd6888/.command.log
Feb-27 10:29:08.110 [Task submitter] ERROR nextflow.processor.TaskProcessor - Error executing process > 'NFCORE_BACASS:BACASS:FASTQ_TRIM_FASTP_FASTQC:FASTP (sample_58)'

Caused by:
  Process requirement exceeds available memory -- req: 36 GB; avail: 15.1 GB


Command executed:

  [ ! -f  sample_58_1.fastq.gz ] && ln -sf test_R1.fastq.gz sample_58_1.fastq.gz
  [ ! -f  sample_58_2.fastq.gz ] && ln -sf test_R2.fastq.gz sample_58_2.fastq.gz
  fastp \
      --in1 sample_58_1.fastq.gz \
      --in2 sample_58_2.fastq.gz \
      --out1 sample_58_1.fastp.fastq.gz \
      --out2 sample_58_2.fastp.fastq.gz \
      --json sample_58.fastp.json \
      --html sample_58.fastp.html \
       \
       \
       \
      --thread 6 \
      --detect_adapter_for_pe \
       \
      2>| >(tee sample_58.fastp.log >&2)
  
  cat <<-END_VERSIONS > versions.yml
  "NFCORE_BACASS:BACASS:FASTQ_TRIM_FASTP_FASTQC:FASTP":
      fastp: $(fastp --version 2>&1 | sed -e "s/fastp //g")
  END_VERSIONS

Command exit status:
  -

Command output:
  (empty)

Work dir:
  /home/vy/coding/web_dev/genome_pipeline_platfrom/work/b6/4dc295e8bdfec547d0eead33dd6888

Container:
  community.wave.seqera.io/library/fastp:0.24.0--62c97b06e8447690

Tip: you can replicate the issue by changing to the process work dir and entering the command `bash .command.run`
Feb-27 10:29:08.113 [Task submitter] INFO  nextflow.Session - Execution cancelled -- Finishing pending tasks before exit
Feb-27 10:29:08.120 [Task submitter] ERROR nextflow.Nextflow - Pipeline failed. Please refer to troubleshooting docs: https://nf-co.re/docs/usage/troubleshooting
Feb-27 10:29:08.121 [main] DEBUG nextflow.Session - Session await > all processes finished
Feb-27 10:29:08.121 [Task monitor] DEBUG n.processor.TaskPollingMonitor - <<< barrier arrives (monitor: local) - terminating tasks monitor poll loop
Feb-27 10:29:08.122 [main] DEBUG nextflow.Session - Session await > all barriers passed
Feb-27 10:29:08.123 [Actor Thread 17] DEBUG nextflow.sort.BigSort - Sort completed -- entries: 1; slices: 1; internal sort time: 0.0 s; external sort time: 0.001 s; total time: 0.001 s
Feb-27 10:29:08.126 [Actor Thread 17] DEBUG nextflow.file.FileCollector - Saved collect-files list to: /home/vy/coding/web_dev/genome_pipeline_platfrom/work/collect-file/d8e7bb29db3b692a80b7c021183fc594
Feb-27 10:29:08.127 [Actor Thread 17] DEBUG nextflow.file.FileCollector - Deleting file collector temp dir: /tmp/nxf-1214412518748138802
Feb-27 10:29:08.134 [main] INFO  nextflow.Nextflow - -[0;35m[nf-core/bacass][0;31m Pipeline completed with errors[0m-
Feb-27 10:29:08.138 [main] DEBUG n.trace.WorkflowStatsObserver - Workflow completed > WorkflowStats[succeededCount=0; failedCount=1; ignoredCount=0; cachedCount=0; pendingCount=2; submittedCount=0; runningCount=-1; retriesCount=0; abortedCount=0; succeedDuration=0ms; failedDuration=0ms; cachedDuration=0ms;loadCpus=-6; loadMemory=0; peakRunning=0; peakCpus=0; peakMemory=0; ]
Feb-27 10:29:08.139 [main] DEBUG nextflow.trace.TraceFileObserver - Workflow completed -- saving trace file
Feb-27 10:29:08.140 [main] DEBUG nextflow.trace.ReportObserver - Workflow completed -- rendering execution report
Feb-27 10:29:08.535 [main] DEBUG nextflow.trace.TimelineObserver - Workflow completed -- rendering execution timeline
Feb-27 10:29:08.732 [main] DEBUG nextflow.cache.CacheDB - Closing CacheDB done
Feb-27 10:29:08.743 [main] INFO  org.pf4j.AbstractPluginManager - Stop plugin 'nf-schema@2.4.2'
Feb-27 10:29:08.743 [main] DEBUG nextflow.plugin.BasePlugin - Plugin stopped nf-schema
Feb-27 10:29:08.745 [main] DEBUG nextflow.util.ThreadPoolManager - Thread pool 'FileTransfer' shutdown completed (hard=false)
Feb-27 10:29:08.746 [main] DEBUG nextflow.script.ScriptRunner - > Execution complete -- Goodbye
