Detecting adapter sequence for read1...
No adapter detected for read1

Detecting adapter sequence for read2...
No adapter detected for read2

Read1 before filtering:
total reads: 1000000
total bases: 75000000
Q20 bases: 73790925(98.3879%)
Q30 bases: 72488113(96.6508%)

Read2 before filtering:
total reads: 1000000
total bases: 75000000
Q20 bases: 74006068(98.6748%)
Q30 bases: 72597127(96.7962%)

Read1 after filtering:
total reads: 994178
total bases: 74559200
Q20 bases: 73384446(98.4244%)
Q30 bases: 72108796(96.7135%)

Read2 aftering filtering:
total reads: 994178
total bases: 74559200
Q20 bases: 73828196(99.0196%)
Q30 bases: 72469775(97.1976%)

Filtering result:
reads passed filter: 1988356
reads failed due to low quality: 9978
reads failed due to too many N: 1666
reads failed due to too short: 0
reads with adapter trimmed: 336
bases trimmed due to adapters: 8300

Duplication rate: 0.296263%

Insert size peak (evaluated by paired-end reads): 118

JSON report: ERR064912.fastp.json
HTML report: ERR064912.fastp.html

fastp --in1 ERR064912_1.fastq.gz --in2 ERR064912_2.fastq.gz --out1 ERR064912_1.fastp.fastq.gz --out2 ERR064912_2.fastp.fastq.gz --json ERR064912.fastp.json --html ERR064912.fastp.html --thread 4 --detect_adapter_for_pe 
fastp v0.20.1, time used: 8 seconds
