
 N E X T F L O W   ~  version 25.04.7

Launching `https://github.com/nf-core/bacass` [peaceful_meitner] DSL2 - revision: 76e4b12cac [2.5.0]


------------------------------------------------------
                                        ,--./,-.
        ___     __   __   __   ___     /,-._.--~'
  |\ | |__  __ /  ` /  \ |__) |__         }  {
  | \| |       \__, \__/ |  \ |___     \`-._,-`-,
                                        `._,._,'
  nf-core/bacass 2.5.0
------------------------------------------------------
Assembly parameters
  canu_mode          : -nanopore

Annotation
  dfast_config       : /home/vy/.nextflow/assets/nf-core/bacass/assets/test_config_dfast.py

Generic options
  trace_report_suffix: 2026-02-25_10-54-17

Core Nextflow options
  revision           : 2.5.0
  runName            : peaceful_meitner
  containerEngine    : docker
  launchDir          : /home/vy/coding/web_dev/genome_pipeline_platfrom
  workDir            : /home/vy/coding/web_dev/genome_pipeline_platfrom/work
  projectDir         : /home/vy/.nextflow/assets/nf-core/bacass
  userName           : vy
  profile            : docker
  configFiles        : /home/vy/.nextflow/assets/nf-core/bacass/nextflow.config

!! Only displaying parameters that differ from the pipeline defaults !!
------------------------------------------------------
* The pipeline
    https://doi.org/10.5281/zenodo.2669428

* The nf-core framework
    https://doi.org/10.1038/s41587-020-0439-x

* Software dependencies
    https://github.com/nf-core/bacass/blob/main/CITATIONS.md

WARN: The following invalid input values have been detected:

* --long_reads_filtering: porechop
* --validate_params: true
* --custom_config_base: https://raw.githubusercontent.com/nf-core/configs/master
* --annotation_tool: prokka
* --assembler: unicycler
* --paramsFile: /home/vy/coding/web_dev/genome_pipeline_platfrom/runs/30/params.json
* --dfast_config: /home/vy/.nextflow/assets/nf-core/bacass/assets/test_config_dfast.py
* --polish_method: medaka
* --custom_config_version: master
* --publish_dir_mode: copy
* --pipelines_testdata_base_path: https://raw.githubusercontent.com/nf-core/test-datasets/
* --filtlong_minlen: 10
* --canu_mode: -nanopore
* --trace_report_suffix: 2026-02-25_10-54-17
* --max_multiqc_email_size: 25.MB
* --busco_lineage: bacteria_odb10
* --busco_mode: genome
* --baktadb_download_args: --type light


ERROR ~ Validation of pipeline parameters failed!

 -- Check '.nextflow.log' file for details
