
 N E X T F L O W   ~  version 25.04.7

Pulling nf-core/bacass ...
 downloaded from https://github.com/nf-core/bacass.git
Launching `https://github.com/nf-core/bacass` [cheesy_brahmagupta] DSL2 - revision: 76e4b12cac [2.5.0]

Downloading plugin nf-schema@2.4.2

------------------------------------------------------
                                        ,--./,-.
        ___     __   __   __   ___     /,-._.--~'
  |\ | |__  __ /  ` /  \ |__) |__         }  {
  | \| |       \__, \__/ |  \ |___     \`-._,-`-,
                                        `._,._,'
  nf-core/bacass 2.5.0
------------------------------------------------------
Input/output options
  input                     : https://raw.githubusercontent.com/nf-core/test-datasets/bacass/bacass_short_reseq.tsv

Assembly parameters
  assembly_type             : short
  canu_mode                 : -nanopore

Annotation
  prokka_args               :  --fast
  dfast_config              : /home/vy/.nextflow/assets/nf-core/bacass/assets/test_config_dfast.py

Skipping Options
  skip_kraken2              : true
  skip_kmerfinder           : true
  skip_pycoqc               : true

Institutional config options
  config_profile_name       : Test profile
  config_profile_description: Minimal test dataset to check pipeline function

Generic options
  trace_report_suffix       : 2026-02-24_15-18-21

Core Nextflow options
  revision                  : 2.5.0
  runName                   : cheesy_brahmagupta
  launchDir                 : /home/vy/coding/web_dev/genome_pipeline_platfrom
  workDir                   : /home/vy/coding/web_dev/genome_pipeline_platfrom/work
  projectDir                : /home/vy/.nextflow/assets/nf-core/bacass
  userName                  : vy
  profile                   : test
  configFiles               : /home/vy/.nextflow/assets/nf-core/bacass/nextflow.config

!! Only displaying parameters that differ from the pipeline defaults !!
------------------------------------------------------
* The pipeline
    https://doi.org/10.5281/zenodo.2669428

* The nf-core framework
    https://doi.org/10.1038/s41587-020-0439-x

* Software dependencies
    https://github.com/nf-core/bacass/blob/main/CITATIONS.md

WARN: The following invalid input values have been detected:

* --long_reads_filtering: porechop
* --custom_config_base: https://raw.githubusercontent.com/nf-core/configs/master
* --custom_config_version: master
* --filtlong_minlen: 10
* --max_multiqc_email_size: 25.MB
* --baktadb_download_args: --type light
* --skip_kmerfinder: true
* --config_profile_description: Minimal test dataset to check pipeline function
* --validate_params: true
* --annotation_tool: prokka
* --assembler: unicycler
* --paramsFile: /home/vy/coding/web_dev/genome_pipeline_platfrom/runs/22/params.json
* --dfast_config: /home/vy/.nextflow/assets/nf-core/bacass/assets/test_config_dfast.py
* --polish_method: medaka
* --skip_pycoqc: true
* --publish_dir_mode: copy
* --pipelines_testdata_base_path: https://raw.githubusercontent.com/nf-core/test-datasets/
* --input: https://raw.githubusercontent.com/nf-core/test-datasets/bacass/bacass_short_reseq.tsv
* --config_profile_name: Test profile
* --canu_mode: -nanopore
* --trace_report_suffix: 2026-02-24_15-18-21
* --skip_kraken2: true
* --assembly_type: short
* --busco_lineage: bacteria_odb10
* --busco_mode: genome
* --prokka_args:  --fast


ERROR ~ Validation of pipeline parameters failed!

 -- Check '.nextflow.log' file for details
