
 N E X T F L O W   ~  version 25.04.7

Launching `https://github.com/nf-core/bacass` [furious_mirzakhani] DSL2 - revision: 76e4b12cac [2.5.0]


------------------------------------------------------
                                        ,--./,-.
        ___     __   __   __   ___     /,-._.--~'
  |\ | |__  __ /  ` /  \ |__) |__         }  {
  | \| |       \__, \__/ |  \ |___     \`-._,-`-,
                                        `._,._,'
  nf-core/bacass 2.5.0
------------------------------------------------------
Input/output options
  input                     : https://raw.githubusercontent.com/nf-core/test-datasets/bacass/bacass_short_reseq.tsv
  outdir                    : /home/vy/coding/web_dev/genome_pipeline_platfrom/runs/29

Assembly parameters
  assembly_type             : short
  canu_mode                 : -nanopore

Annotation
  prokka_args               :  --fast
  dfast_config              : /home/vy/.nextflow/assets/nf-core/bacass/assets/test_config_dfast.py

Skipping Options
  skip_kraken2              : true
  skip_kmerfinder           : true
  skip_pycoqc               : true

Institutional config options
  config_profile_name       : Test profile
  config_profile_description: Minimal test dataset to check pipeline function

Generic options
  trace_report_suffix       : 2026-02-25_10-02-35

Core Nextflow options
  revision                  : 2.5.0
  runName                   : furious_mirzakhani
  launchDir                 : /home/vy/coding/web_dev/genome_pipeline_platfrom
  workDir                   : /home/vy/coding/web_dev/genome_pipeline_platfrom/work
  projectDir                : /home/vy/.nextflow/assets/nf-core/bacass
  userName                  : vy
  profile                   : test
  configFiles               : /home/vy/.nextflow/assets/nf-core/bacass/nextflow.config

!! Only displaying parameters that differ from the pipeline defaults !!
------------------------------------------------------
* The pipeline
    https://doi.org/10.5281/zenodo.2669428

* The nf-core framework
    https://doi.org/10.1038/s41587-020-0439-x

* Software dependencies
    https://github.com/nf-core/bacass/blob/main/CITATIONS.md

WARN: The following invalid input values have been detected:

* --paramsFile: /home/vy/coding/web_dev/genome_pipeline_platfrom/runs/29/params.json


[-        ] NFCORE_BACASS:BACASS:CAT_FASTQ_SHORT                    -
[-        ] NFCORE_BACASS:BACASS:FASTQ_TRIM_FASTP_FASTQC:FASTQC_RAW -

[-        ] NFCORE_BACASS:BACASS:CAT_FASTQ_SHORT                     -
[-        ] NFCORE_BACASS:BACASS:FASTQ_TRIM_FASTP_FASTQC:FASTQC_RAW  -
[-        ] NFCORE_BACASS:BACASS:FASTQ_TRIM_FASTP_FASTQC:FASTP       -
[-        ] NFCORE_BACASS:BACASS:FASTQ_TRIM_FASTP_FASTQC:FASTQC_TRIM -
[-        ] NFCORE_BACASS:BACASS:QC_NANOPLOT_TOULLIGQC:NANOPLOT      -
[-        ] NFCORE_BACASS:BACASS:QC_NANOPLOT_TOULLIGQC:TOULLIGQC     -
[-        ] NFCORE_BACASS:BACASS:UNICYCLER                           -
[-        ] NFCORE_BACASS:BACASS:QUAST                               -

[-        ] NFCORE_BACASS:BACASS:CAT_FASTQ_SHORT                     -
[-        ] NFCORE_BACASS:BACASS:FASTQ_TRIM_FASTP_FASTQC:FASTQC_RAW  -
[-        ] NFCORE_BACASS:BACASS:FASTQ_TRIM_FASTP_FASTQC:FASTP       -
[-        ] NFCORE_BACASS:BACASS:FASTQ_TRIM_FASTP_FASTQC:FASTQC_TRIM -
[-        ] NFCORE_BACASS:BACASS:QC_NANOPLOT_TOULLIGQC:NANOPLOT      -
[-        ] NFCORE_BACASS:BACASS:QC_NANOPLOT_TOULLIGQC:TOULLIGQC     -
[-        ] NFCORE_BACASS:BACASS:UNICYCLER                           -
[-        ] NFCORE_BACASS:BACASS:QUAST                               -
[-        ] NFCORE_BACASS:BACASS:BUSCO_BUSCO                         -
[-        ] NFCORE_BACASS:BACASS:GUNZIP                              -
[-        ] NFCORE_BACASS:BACASS:PROKKA                              -

[-        ] NFCORE_BACASS:BACASS:CAT_FASTQ_SHORT                     -
[-        ] NFCORE_BACASS:BACASS:FASTQ_TRIM_FASTP_FASTQC:FASTQC_RAW  -
[-        ] NFCORE_BACASS:BACASS:FASTQ_TRIM_FASTP_FASTQC:FASTP       -
[-        ] NFCORE_BACASS:BACASS:FASTQ_TRIM_FASTP_FASTQC:FASTQC_TRIM -
[-        ] NFCORE_BACASS:BACASS:QC_NANOPLOT_TOULLIGQC:NANOPLOT      -
[-        ] NFCORE_BACASS:BACASS:QC_NANOPLOT_TOULLIGQC:TOULLIGQC     -
[-        ] NFCORE_BACASS:BACASS:UNICYCLER                           -
[-        ] NFCORE_BACASS:BACASS:QUAST                               -
[-        ] NFCORE_BACASS:BACASS:BUSCO_BUSCO                         -
[-        ] NFCORE_BACASS:BACASS:GUNZIP                              -
[-        ] NFCORE_BACASS:BACASS:PROKKA                              -
[-        ] NFCORE_BACASS:BACASS:CUSTOM_MULTIQC                      -

[-        ] NFCORE_BACASS:BACASS:CAT_FASTQ_SHORT                     -
[-        ] NFCORE_BACASS:BACASS:FASTQ_TRIM_FASTP_FASTQC:FASTQC_RAW  -
[-        ] NFCORE_BACASS:BACASS:FASTQ_TRIM_FASTP_FASTQC:FASTP       -
[-        ] NFCORE_BACASS:BACASS:FASTQ_TRIM_FASTP_FASTQC:FASTQC_TRIM -
[-        ] NFCORE_BACASS:BACASS:QC_NANOPLOT_TOULLIGQC:NANOPLOT      -
[-        ] NFCORE_BACASS:BACASS:QC_NANOPLOT_TOULLIGQC:TOULLIGQC     -
[-        ] NFCORE_BACASS:BACASS:UNICYCLER                           -
[-        ] NFCORE_BACASS:BACASS:QUAST                               -
[-        ] NFCORE_BACASS:BACASS:BUSCO_BUSCO                         -
[-        ] NFCORE_BACASS:BACASS:GUNZIP                              -
[-        ] NFCORE_BACASS:BACASS:PROKKA                              -
[-        ] NFCORE_BACASS:BACASS:CUSTOM_MULTIQC                      -
Staging foreign file: https://github.com/nf-core/test-datasets/raw/bacass/ERR064912_1M_1.fastq.gz

[-        ] NFCORE_BACASS:BACASS:CAT_FASTQ_SHORT                     -
[-        ] NFCORE_BACASS:BACASS:FASTQ_TRIM_FASTP_FASTQC:FASTQC_RAW  -
[-        ] NFCORE_BACASS:BACASS:FASTQ_TRIM_FASTP_FASTQC:FASTP       -
[-        ] NFCORE_BACASS:BACASS:FASTQ_TRIM_FASTP_FASTQC:FASTQC_TRIM -
[-        ] NFCORE_BACASS:BACASS:QC_NANOPLOT_TOULLIGQC:NANOPLOT      -
[-        ] NFCORE_BACASS:BACASS:QC_NANOPLOT_TOULLIGQC:TOULLIGQC     -
[-        ] NFCORE_BACASS:BACASS:UNICYCLER                           -
[-        ] NFCORE_BACASS:BACASS:QUAST                               -
[-        ] NFCORE_BACASS:BACASS:BUSCO_BUSCO                         -
[-        ] NFCORE_BACASS:BACASS:GUNZIP                              -
[-        ] NFCORE_BACASS:BACASS:PROKKA                              -
[-        ] NFCORE_BACASS:BACASS:CUSTOM_MULTIQC                      -
Staging foreign file: https://github.com/nf-core/test-datasets/raw/bacass/ERR064912_1M_1.fastq.gz
Staging foreign file: https://github.com/nf-core/test-datasets/raw/bacass/ERR044595_1M_1.fastq.gz

[-        ] NFCORE_BACASS:BACASS:CAT_FASTQ_SHORT                     -
[-        ] NFCORE_BACASS:BACASS:FASTQ_TRIM_FASTP_FASTQC:FASTQC_RAW  -
[-        ] NFCORE_BACASS:BACASS:FASTQ_TRIM_FASTP_FASTQC:FASTP       -
[-        ] NFCORE_BACASS:BACASS:FASTQ_TRIM_FASTP_FASTQC:FASTQC_TRIM -
[-        ] NFCORE_BACASS:BACASS:QC_NANOPLOT_TOULLIGQC:NANOPLOT      -
[-        ] NFCORE_BACASS:BACASS:QC_NANOPLOT_TOULLIGQC:TOULLIGQC     -
[-        ] NFCORE_BACASS:BACASS:UNICYCLER                           -
[-        ] NFCORE_BACASS:BACASS:QUAST                               -
[-        ] NFCORE_BACASS:BACASS:BUSCO_BUSCO                         -
[-        ] NFCORE_BACASS:BACASS:GUNZIP                              -
[-        ] NFCORE_BACASS:BACASS:PROKKA                              -
[-        ] NFCORE_BACASS:BACASS:CUSTOM_MULTIQC                      -
Staging foreign file: https://github.com/nf-core/test-datasets/raw/bacass/ERR064912_1M_1.fastq.gz
Staging foreign file: https://github.com/nf-core/test-datasets/raw/bacass/ERR044595_1M_1.fastq.gz
Staging foreign file: https://github.com/nf-core/test-datasets/raw/bacass/ERR064912_1M_2.fastq.gz

[-        ] NFCORE_BACASS:BACASS:CAT_FASTQ_SHORT                     -
[-        ] NFCORE_BACASS:BACASS:FASTQ_TRIM_FASTP_FASTQC:FASTQC_RAW  -
[-        ] NFCORE_BACASS:BACASS:FASTQ_TRIM_FASTP_FASTQC:FASTP       -
[-        ] NFCORE_BACASS:BACASS:FASTQ_TRIM_FASTP_FASTQC:FASTQC_TRIM -
[-        ] NFCORE_BACASS:BACASS:QC_NANOPLOT_TOULLIGQC:NANOPLOT      -
[-        ] NFCORE_BACASS:BACASS:QC_NANOPLOT_TOULLIGQC:TOULLIGQC     -
[-        ] NFCORE_BACASS:BACASS:UNICYCLER                           -
[-        ] NFCORE_BACASS:BACASS:QUAST                               -
[-        ] NFCORE_BACASS:BACASS:BUSCO_BUSCO                         -
[-        ] NFCORE_BACASS:BACASS:GUNZIP                              -
[-        ] NFCORE_BACASS:BACASS:PROKKA                              -
[-        ] NFCORE_BACASS:BACASS:CUSTOM_MULTIQC                      -
Staging foreign file: https://github.com/nf-core/test-datasets/raw/bacass/ERR064912_1M_1.fastq.gz
Staging foreign file: https://github.com/nf-core/test-datasets/raw/bacass/ERR044595_1M_1.fastq.gz
Staging foreign file: https://github.com/nf-core/test-datasets/raw/bacass/ERR064912_1M_2.fastq.gz
Staging foreign file: https://github.com/nf-core/test-datasets/raw/bacass/ERR044595_1M_2.fastq.gz

[-        ] NFCORE_BACASS:BACASS:CAT_FASTQ_SHORT                     -
[-        ] NFCORE_BACASS:BACASS:FASTQ_TRIM_FASTP_FASTQC:FASTQC_RAW  -
[-        ] NFCORE_BACASS:BACASS:FASTQ_TRIM_FASTP_FASTQC:FASTP       -
[-        ] NFCORE_BACASS:BACASS:FASTQ_TRIM_FASTP_FASTQC:FASTQC_TRIM -
[-        ] NFCORE_BACASS:BACASS:QC_NANOPLOT_TOULLIGQC:NANOPLOT      -
[-        ] NFCORE_BACASS:BACASS:QC_NANOPLOT_TOULLIGQC:TOULLIGQC     -
[-        ] NFCORE_BACASS:BACASS:UNICYCLER                           -
[-        ] NFCORE_BACASS:BACASS:QUAST                               -
[-        ] NFCORE_BACASS:BACASS:BUSCO_BUSCO                         -
[-        ] NFCORE_BACASS:BACASS:GUNZIP                              -
[-        ] NFCORE_BACASS:BACASS:PROKKA                              -
[-        ] NFCORE_BACASS:BACASS:CUSTOM_MULTIQC                      -
Staging foreign file: https://github.com/nf-core/test-datasets/raw/bacass/ERR064912_1M_1.fastq.gz
Staging foreign file: https://github.com/nf-core/test-datasets/raw/bacass/ERR044595_1M_1.fastq.gz
Staging foreign file: https://github.com/nf-core/test-datasets/raw/bacass/ERR064912_1M_2.fastq.gz
Staging foreign file: https://github.com/nf-core/test-datasets/raw/bacass/ERR044595_1M_2.fastq.gz
Staging foreign file: https://github.com/nf-core/test-datasets/raw/bacass/r-ERR044595_1M_1.fastq.gz

[-        ] NFCORE_BACASS:BACASS:CAT_FASTQ_SHORT                     -
[-        ] NFCORE_BACASS:BACASS:FASTQ_TRIM_FASTP_FASTQC:FASTQC_RAW  -
[-        ] NFCORE_BACASS:BACASS:FASTQ_TRIM_FASTP_FASTQC:FASTP       -
[-        ] NFCORE_BACASS:BACASS:FASTQ_TRIM_FASTP_FASTQC:FASTQC_TRIM -
[-        ] NFCORE_BACASS:BACASS:QC_NANOPLOT_TOULLIGQC:NANOPLOT      -
[-        ] NFCORE_BACASS:BACASS:QC_NANOPLOT_TOULLIGQC:TOULLIGQC     -
[-        ] NFCORE_BACASS:BACASS:UNICYCLER                           -
[-        ] NFCORE_BACASS:BACASS:QUAST                               -
[-        ] NFCORE_BACASS:BACASS:BUSCO_BUSCO                         -
[-        ] NFCORE_BACASS:BACASS:GUNZIP                              -
[-        ] NFCORE_BACASS:BACASS:PROKKA                              -
[-        ] NFCORE_BACASS:BACASS:CUSTOM_MULTIQC                      -
Staging foreign file: https://github.com/nf-core/test-datasets/raw/bacass/ERR064912_1M_1.fastq.gz
Staging foreign file: https://github.com/nf-core/test-datasets/raw/bacass/ERR044595_1M_1.fastq.gz
Staging foreign file: https://github.com/nf-core/test-datasets/raw/bacass/ERR064912_1M_2.fastq.gz
Staging foreign file: https://github.com/nf-core/test-datasets/raw/bacass/ERR044595_1M_2.fastq.gz
Staging foreign file: https://github.com/nf-core/test-datasets/raw/bacass/r-ERR044595_1M_1.fastq.gz
Staging foreign file: https://github.com/nf-core/test-datasets/raw/bacass/r-ERR044595_1M_2.fastq.gz

executor >  local (1)
[-        ] NFCORE_BACASS:BACASS:CAT_FASTQ_SHORT                           -
[-        ] NFCORE_BACASS:BACASS:FASTQ_TRIM_FASTP_FASTQC:FASTQC_RAW        | 0 of 1
[70/72e41e] NFCORE_BACASS:BACASS:FASTQ_TRIM_FASTP_FASTQC:FASTP (ERR064912) | 0 of 1
[-        ] NFCORE_BACASS:BACASS:FASTQ_TRIM_FASTP_FASTQC:FASTQC_TRIM       -
[-        ] NFCORE_BACASS:BACASS:QC_NANOPLOT_TOULLIGQC:NANOPLOT            -
[-        ] NFCORE_BACASS:BACASS:QC_NANOPLOT_TOULLIGQC:TOULLIGQC           -
[-        ] NFCORE_BACASS:BACASS:UNICYCLER                                 -
[-        ] NFCORE_BACASS:BACASS:QUAST                                     -
[-        ] NFCORE_BACASS:BACASS:BUSCO_BUSCO                               -
[-        ] NFCORE_BACASS:BACASS:GUNZIP                                    -
[-        ] NFCORE_BACASS:BACASS:PROKKA                                    -
[-        ] NFCORE_BACASS:BACASS:CUSTOM_MULTIQC                            -
Staging foreign file: https://github.com/nf-core/test-datasets/raw/bacass/ERR064912_1M_1.fastq.gz
Staging foreign file: https://github.com/nf-core/test-datasets/raw/bacass/ERR044595_1M_1.fastq.gz
Staging foreign file: https://github.com/nf-core/test-datasets/raw/bacass/ERR064912_1M_2.fastq.gz
Staging foreign file: https://github.com/nf-core/test-datasets/raw/bacass/ERR044595_1M_2.fastq.gz
Staging foreign file: https://github.com/nf-core/test-datasets/raw/bacass/r-ERR044595_1M_1.fastq.gz
Staging foreign file: https://github.com/nf-core/test-datasets/raw/bacass/r-ERR044595_1M_2.fastq.gz

executor >  local (1)
[-        ] NFCORE_BACASS:BACASS:CAT_FASTQ_SHORT                           | 0 of 1
[-        ] NFCORE_BACASS:BACASS:FASTQ_TRIM_FASTP_FASTQC:FASTQC_RAW        | 0 of 1
[70/72e41e] NFCORE_BACASS:BACASS:FASTQ_TRIM_FASTP_FASTQC:FASTP (ERR064912) | 0 of 1
[-        ] NFCORE_BACASS:BACASS:FASTQ_TRIM_FASTP_FASTQC:FASTQC_TRIM       -
[-        ] NFCORE_BACASS:BACASS:QC_NANOPLOT_TOULLIGQC:NANOPLOT            -
[-        ] NFCORE_BACASS:BACASS:QC_NANOPLOT_TOULLIGQC:TOULLIGQC           -
[-        ] NFCORE_BACASS:BACASS:UNICYCLER                                 -
[-        ] NFCORE_BACASS:BACASS:QUAST                                     -
[-        ] NFCORE_BACASS:BACASS:BUSCO_BUSCO                               -
[-        ] NFCORE_BACASS:BACASS:GUNZIP                                    -
[-        ] NFCORE_BACASS:BACASS:PROKKA                                    -
[-        ] NFCORE_BACASS:BACASS:CUSTOM_MULTIQC                            -
Staging foreign file: https://github.com/nf-core/test-datasets/raw/bacass/ERR064912_1M_1.fastq.gz
Staging foreign file: https://github.com/nf-core/test-datasets/raw/bacass/ERR044595_1M_1.fastq.gz
Staging foreign file: https://github.com/nf-core/test-datasets/raw/bacass/ERR064912_1M_2.fastq.gz
Staging foreign file: https://github.com/nf-core/test-datasets/raw/bacass/ERR044595_1M_2.fastq.gz
Staging foreign file: https://github.com/nf-core/test-datasets/raw/bacass/r-ERR044595_1M_1.fastq.gz
Staging foreign file: https://github.com/nf-core/test-datasets/raw/bacass/r-ERR044595_1M_2.fastq.gz

executor >  local (2)
[-        ] NFCORE_BACASS:BACASS:CAT_FASTQ_SHORT                                | 0 of 1
[07/f032c1] NFCORE_BACASS:BACASS:FASTQ_TRIM_FASTP_FASTQC:FASTQC_RAW (ERR064912) | 0 of 1
[70/72e41e] NFCORE_BACASS:BACASS:FASTQ_TRIM_FASTP_FASTQC:FASTP (ERR064912)      | 0 of 1
[-        ] NFCORE_BACASS:BACASS:FASTQ_TRIM_FASTP_FASTQC:FASTQC_TRIM            -
[-        ] NFCORE_BACASS:BACASS:QC_NANOPLOT_TOULLIGQC:NANOPLOT                 -
[-        ] NFCORE_BACASS:BACASS:QC_NANOPLOT_TOULLIGQC:TOULLIGQC                -
[-        ] NFCORE_BACASS:BACASS:UNICYCLER                                      -
[-        ] NFCORE_BACASS:BACASS:QUAST                                          -
[-        ] NFCORE_BACASS:BACASS:BUSCO_BUSCO                                    -
[-        ] NFCORE_BACASS:BACASS:GUNZIP                                         -
[-        ] NFCORE_BACASS:BACASS:PROKKA                                         -
[-        ] NFCORE_BACASS:BACASS:CUSTOM_MULTIQC                                 -
Staging foreign file: https://github.com/nf-core/test-datasets/raw/bacass/ERR064912_1M_1.fastq.gz
Staging foreign file: https://github.com/nf-core/test-datasets/raw/bacass/ERR044595_1M_1.fastq.gz
Staging foreign file: https://github.com/nf-core/test-datasets/raw/bacass/ERR064912_1M_2.fastq.gz
Staging foreign file: https://github.com/nf-core/test-datasets/raw/bacass/ERR044595_1M_2.fastq.gz
Staging foreign file: https://github.com/nf-core/test-datasets/raw/bacass/r-ERR044595_1M_1.fastq.gz
Staging foreign file: https://github.com/nf-core/test-datasets/raw/bacass/r-ERR044595_1M_2.fastq.gz

executor >  local (2)
[-        ] NFCORE_BACASS:BACASS:CAT_FASTQ_SHORT                                | 0 of 1
[07/f032c1] NFCORE_BACASS:BACASS:FASTQ_TRIM_FASTP_FASTQC:FASTQC_RAW (ERR064912) | 0 of 1
[70/72e41e] NFCORE_BACASS:BACASS:FASTQ_TRIM_FASTP_FASTQC:FASTP (ERR064912)      | 0 of 1
[-        ] NFCORE_BACASS:BACASS:FASTQ_TRIM_FASTP_FASTQC:FASTQC_TRIM            -
[-        ] NFCORE_BACASS:BACASS:QC_NANOPLOT_TOULLIGQC:NANOPLOT                 -
[-        ] NFCORE_BACASS:BACASS:QC_NANOPLOT_TOULLIGQC:TOULLIGQC                -
[-        ] NFCORE_BACASS:BACASS:UNICYCLER                                      -
[-        ] NFCORE_BACASS:BACASS:QUAST                                          -
[-        ] NFCORE_BACASS:BACASS:BUSCO_BUSCO                                    -
[-        ] NFCORE_BACASS:BACASS:GUNZIP                                         -
[-        ] NFCORE_BACASS:BACASS:PROKKA                                         -
[-        ] NFCORE_BACASS:BACASS:CUSTOM_MULTIQC                                 -
Staging foreign file: https://github.com/nf-core/test-datasets/raw/bacass/ERR064912_1M_1.fastq.gz
Staging foreign file: https://github.com/nf-core/test-datasets/raw/bacass/ERR044595_1M_1.fastq.gz
Staging foreign file: https://github.com/nf-core/test-datasets/raw/bacass/ERR064912_1M_2.fastq.gz
Staging foreign file: https://github.com/nf-core/test-datasets/raw/bacass/ERR044595_1M_2.fastq.gz
Staging foreign file: https://github.com/nf-core/test-datasets/raw/bacass/r-ERR044595_1M_1.fastq.gz
Staging foreign file: https://github.com/nf-core/test-datasets/raw/bacass/r-ERR044595_1M_2.fastq.gz

executor >  local (2)
[-        ] NFCORE_BACASS:BACASS:CAT_FASTQ_SHORT                                | 0 of 1
[07/f032c1] NFCORE_BACASS:BACASS:FASTQ_TRIM_FASTP_FASTQC:FASTQC_RAW (ERR064912) | 0 of 1
[70/72e41e] NFCORE_BACASS:BACASS:FASTQ_TRIM_FASTP_FASTQC:FASTP (ERR064912)      | 1 of 1
[-        ] NFCORE_BACASS:BACASS:FASTQ_TRIM_FASTP_FASTQC:FASTQC_TRIM            | 0 of 1
[-        ] NFCORE_BACASS:BACASS:QC_NANOPLOT_TOULLIGQC:NANOPLOT                 -
[-        ] NFCORE_BACASS:BACASS:QC_NANOPLOT_TOULLIGQC:TOULLIGQC                -
[-        ] NFCORE_BACASS:BACASS:UNICYCLER                                      | 0 of 1
[-        ] NFCORE_BACASS:BACASS:QUAST                                          -
[-        ] NFCORE_BACASS:BACASS:BUSCO_BUSCO                                    -
[-        ] NFCORE_BACASS:BACASS:GUNZIP                                         -
[-        ] NFCORE_BACASS:BACASS:PROKKA                                         -
[-        ] NFCORE_BACASS:BACASS:CUSTOM_MULTIQC                                 -
Staging foreign file: https://github.com/nf-core/test-datasets/raw/bacass/ERR064912_1M_1.fastq.gz
Staging foreign file: https://github.com/nf-core/test-datasets/raw/bacass/ERR044595_1M_1.fastq.gz
Staging foreign file: https://github.com/nf-core/test-datasets/raw/bacass/ERR064912_1M_2.fastq.gz
Staging foreign file: https://github.com/nf-core/test-datasets/raw/bacass/ERR044595_1M_2.fastq.gz
Staging foreign file: https://github.com/nf-core/test-datasets/raw/bacass/r-ERR044595_1M_1.fastq.gz
Staging foreign file: https://github.com/nf-core/test-datasets/raw/bacass/r-ERR044595_1M_2.fastq.gz

executor >  local (4)
[2b/275caa] NFCORE_BACASS:BACASS:CAT_FASTQ_SHORT (ERR044595)                    | 1 of 1 ✔
[07/f032c1] NFCORE_BACASS:BACASS:FASTQ_TRIM_FASTP_FASTQC:FASTQC_RAW (ERR064912) | 1 of 2
[70/72e41e] NFCORE_BACASS:BACASS:FASTQ_TRIM_FASTP_FASTQC:FASTP (ERR064912)      | 1 of 2
[94/ee146c] NFC…E_BACASS:BACASS:FASTQ_TRIM_FASTP_FASTQC:FASTQC_TRIM (ERR064912) | 0 of 1
[-        ] NFCORE_BACASS:BACASS:QC_NANOPLOT_TOULLIGQC:NANOPLOT                 -
[-        ] NFCORE_BACASS:BACASS:QC_NANOPLOT_TOULLIGQC:TOULLIGQC                -
[-        ] NFCORE_BACASS:BACASS:UNICYCLER                                      | 0 of 1
[-        ] NFCORE_BACASS:BACASS:QUAST                                          -
[-        ] NFCORE_BACASS:BACASS:BUSCO_BUSCO                                    -
[-        ] NFCORE_BACASS:BACASS:GUNZIP                                         -
[-        ] NFCORE_BACASS:BACASS:PROKKA                                         -
[-        ] NFCORE_BACASS:BACASS:CUSTOM_MULTIQC                                 -
Staging foreign file: https://github.com/nf-core/test-datasets/raw/bacass/ERR044595_1M_2.fastq.gz
Staging foreign file: https://github.com/nf-core/test-datasets/raw/bacass/r-ERR044595_1M_1.fastq.gz
Staging foreign file: https://github.com/nf-core/test-datasets/raw/bacass/r-ERR044595_1M_2.fastq.gz




executor >  local (4)
[2b/275caa] NFCORE_BACASS:BACASS:CAT_FASTQ_SHORT (ERR044595)                    | 1 of 1 ✔
[07/f032c1] NFCORE_BACASS:BACASS:FASTQ_TRIM_FASTP_FASTQC:FASTQC_RAW (ERR064912) | 1 of 2
[70/72e41e] NFCORE_BACASS:BACASS:FASTQ_TRIM_FASTP_FASTQC:FASTP (ERR064912)      | 1 of 2
[94/ee146c] NFC…E_BACASS:BACASS:FASTQ_TRIM_FASTP_FASTQC:FASTQC_TRIM (ERR064912) | 0 of 1
[-        ] NFCORE_BACASS:BACASS:QC_NANOPLOT_TOULLIGQC:NANOPLOT                 -
[-        ] NFCORE_BACASS:BACASS:QC_NANOPLOT_TOULLIGQC:TOULLIGQC                -
[-        ] NFCORE_BACASS:BACASS:UNICYCLER                                      | 0 of 1
[-        ] NFCORE_BACASS:BACASS:QUAST                                          -
[-        ] NFCORE_BACASS:BACASS:BUSCO_BUSCO                                    -
[-        ] NFCORE_BACASS:BACASS:GUNZIP                                         -
[-        ] NFCORE_BACASS:BACASS:PROKKA                                         -
[-        ] NFCORE_BACASS:BACASS:CUSTOM_MULTIQC                                 -
Staging foreign file: https://github.com/nf-core/test-datasets/raw/bacass/r-ERR044595_1M_1.fastq.gz
Staging foreign file: https://github.com/nf-core/test-datasets/raw/bacass/r-ERR044595_1M_2.fastq.gz





executor >  local (6)
[2b/275caa] NFCORE_BACASS:BACASS:CAT_FASTQ_SHORT (ERR044595)                    | 1 of 1 ✔
[af/e9aef6] NFCORE_BACASS:BACASS:FASTQ_TRIM_FASTP_FASTQC:FASTQC_RAW (ERR044595) | 1 of 2
[70/72e41e] NFCORE_BACASS:BACASS:FASTQ_TRIM_FASTP_FASTQC:FASTP (ERR064912)      | 1 of 2
[94/ee146c] NFC…E_BACASS:BACASS:FASTQ_TRIM_FASTP_FASTQC:FASTQC_TRIM (ERR064912) | 1 of 1
[-        ] NFCORE_BACASS:BACASS:QC_NANOPLOT_TOULLIGQC:NANOPLOT                 -
[-        ] NFCORE_BACASS:BACASS:QC_NANOPLOT_TOULLIGQC:TOULLIGQC                -
[28/fe1050] NFCORE_BACASS:BACASS:UNICYCLER (ERR064912)                          | 0 of 1
[-        ] NFCORE_BACASS:BACASS:QUAST                                          -
[-        ] NFCORE_BACASS:BACASS:BUSCO_BUSCO                                    -
[-        ] NFCORE_BACASS:BACASS:GUNZIP                                         -
[-        ] NFCORE_BACASS:BACASS:PROKKA                                         -
[-        ] NFCORE_BACASS:BACASS:CUSTOM_MULTIQC                                 -


ERROR ~ Error executing process > 'NFCORE_BACASS:BACASS:UNICYCLER (ERR064912)'

Caused by:
  Process `NFCORE_BACASS:BACASS:UNICYCLER (ERR064912)` terminated with an error exit status (127)


Command executed:

  unicycler \
      --threads 4 \
       \
      -1 ERR064912_1.fastp.fastq.gz -2 ERR064912_2.fastp.fastq.gz \
       \
      --out ./
  
  mv assembly.fasta ERR064912.scaffolds.fa
  gzip -n ERR064912.scaffolds.fa
  mv assembly.gfa ERR064912.assembly.gfa
  gzip -n ERR064912.assembly.gfa
  mv unicycler.log ERR064912.unicycler.log
  
  cat <<-END_VERSIONS > versions.yml
  "NFCORE_BACASS:BACASS:UNICYCLER":
      unicycler: $(echo $(unicycler --version 2>&1) | sed 's/^.*Unicycler v//; s/ .*$//')
  END_VERSIONS

Command exit status:
  127

Command output:
  (empty)

Command error:
  .command.sh: line 3: unicycler: command not found

Work dir:
  /home/vy/coding/web_dev/genome_pipeline_platfrom/work/28/fe10508d36fb9d6de91fddba7e8d78

Tip: when you have fixed the problem you can continue the execution adding the option `-resume` to the run command line

 -- Check '.nextflow.log' file for details

executor >  local (6)
[2b/275caa] NFCORE_BACASS:BACASS:CAT_FASTQ_SHORT (ERR044595)                    | 1 of 1 ✔
[af/e9aef6] NFCORE_BACASS:BACASS:FASTQ_TRIM_FASTP_FASTQC:FASTQC_RAW (ERR044595) | 1 of 2
[70/72e41e] NFCORE_BACASS:BACASS:FASTQ_TRIM_FASTP_FASTQC:FASTP (ERR064912)      | 1 of 2
[94/ee146c] NFC…E_BACASS:BACASS:FASTQ_TRIM_FASTP_FASTQC:FASTQC_TRIM (ERR064912) | 1 of 1
[-        ] NFCORE_BACASS:BACASS:QC_NANOPLOT_TOULLIGQC:NANOPLOT                 -
[-        ] NFCORE_BACASS:BACASS:QC_NANOPLOT_TOULLIGQC:TOULLIGQC                -
[28/fe1050] NFCORE_BACASS:BACASS:UNICYCLER (ERR064912)                          | 0 of 1
[-        ] NFCORE_BACASS:BACASS:QUAST                                          -
[-        ] NFCORE_BACASS:BACASS:BUSCO_BUSCO                                    -
[-        ] NFCORE_BACASS:BACASS:GUNZIP                                         -
[-        ] NFCORE_BACASS:BACASS:PROKKA                                         -
[-        ] NFCORE_BACASS:BACASS:CUSTOM_MULTIQC                                 -
Execution cancelled -- Finishing pending tasks before exit
ERROR ~ Error executing process > 'NFCORE_BACASS:BACASS:UNICYCLER (ERR064912)'

Caused by:
  Process `NFCORE_BACASS:BACASS:UNICYCLER (ERR064912)` terminated with an error exit status (127)


Command executed:

  unicycler \
      --threads 4 \
       \
      -1 ERR064912_1.fastp.fastq.gz -2 ERR064912_2.fastp.fastq.gz \
       \
      --out ./
  
  mv assembly.fasta ERR064912.scaffolds.fa
  gzip -n ERR064912.scaffolds.fa
  mv assembly.gfa ERR064912.assembly.gfa
  gzip -n ERR064912.assembly.gfa
  mv unicycler.log ERR064912.unicycler.log
  
  cat <<-END_VERSIONS > versions.yml
  "NFCORE_BACASS:BACASS:UNICYCLER":
      unicycler: $(echo $(unicycler --version 2>&1) | sed 's/^.*Unicycler v//; s/ .*$//')
  END_VERSIONS

Command exit status:
  127

Command output:
  (empty)

Command error:
  .command.sh: line 3: unicycler: command not found

Work dir:
  /home/vy/coding/web_dev/genome_pipeline_platfrom/work/28/fe10508d36fb9d6de91fddba7e8d78

Tip: when you have fixed the problem you can continue the execution adding the option `-resume` to the run command line

 -- Check '.nextflow.log' file for details
ERROR ~ Pipeline failed. Please refer to troubleshooting docs: https://nf-co.re/docs/usage/troubleshooting

 -- Check '.nextflow.log' file for details

executor >  local (6)
[2b/275caa] NFCORE_BACASS:BACASS:CAT_FASTQ_SHORT (ERR044595)                    | 1 of 1 ✔
[af/e9aef6] NFCORE_BACASS:BACASS:FASTQ_TRIM_FASTP_FASTQC:FASTQC_RAW (ERR044595) | 1 of 2
[70/72e41e] NFCORE_BACASS:BACASS:FASTQ_TRIM_FASTP_FASTQC:FASTP (ERR064912)      | 1 of 2
[94/ee146c] NFC…E_BACASS:BACASS:FASTQ_TRIM_FASTP_FASTQC:FASTQC_TRIM (ERR064912) | 1 of 1
[-        ] NFCORE_BACASS:BACASS:QC_NANOPLOT_TOULLIGQC:NANOPLOT                 -
[-        ] NFCORE_BACASS:BACASS:QC_NANOPLOT_TOULLIGQC:TOULLIGQC                -
[28/fe1050] NFCORE_BACASS:BACASS:UNICYCLER (ERR064912)                          | 0 of 1
[-        ] NFCORE_BACASS:BACASS:QUAST                                          -
[-        ] NFCORE_BACASS:BACASS:BUSCO_BUSCO                                    -
[-        ] NFCORE_BACASS:BACASS:GUNZIP                                         -
[-        ] NFCORE_BACASS:BACASS:PROKKA                                         -
[-        ] NFCORE_BACASS:BACASS:CUSTOM_MULTIQC                                 -
Execution cancelled -- Finishing pending tasks before exit
ERROR ~ Error executing process > 'NFCORE_BACASS:BACASS:UNICYCLER (ERR064912)'

Caused by:
  Process `NFCORE_BACASS:BACASS:UNICYCLER (ERR064912)` terminated with an error exit status (127)


Command executed:

  unicycler \
      --threads 4 \
       \
      -1 ERR064912_1.fastp.fastq.gz -2 ERR064912_2.fastp.fastq.gz \
       \
      --out ./
  
  mv assembly.fasta ERR064912.scaffolds.fa
  gzip -n ERR064912.scaffolds.fa
  mv assembly.gfa ERR064912.assembly.gfa
  gzip -n ERR064912.assembly.gfa
  mv unicycler.log ERR064912.unicycler.log
  
  cat <<-END_VERSIONS > versions.yml
  "NFCORE_BACASS:BACASS:UNICYCLER":
      unicycler: $(echo $(unicycler --version 2>&1) | sed 's/^.*Unicycler v//; s/ .*$//')
  END_VERSIONS

Command exit status:
  127

Command output:
  (empty)

Command error:
  .command.sh: line 3: unicycler: command not found

Work dir:
  /home/vy/coding/web_dev/genome_pipeline_platfrom/work/28/fe10508d36fb9d6de91fddba7e8d78

Tip: when you have fixed the problem you can continue the execution adding the option `-resume` to the run command line

 -- Check '.nextflow.log' file for details
ERROR ~ Pipeline failed. Please refer to troubleshooting docs: https://nf-co.re/docs/usage/troubleshooting

 -- Check '.nextflow.log' file for details

executor >  local (6)
[2b/275caa] NFCORE_BACASS:BACASS:CAT_FASTQ_SHORT (ERR044595)                    | 1 of 1 ✔
[af/e9aef6] NFCORE_BACASS:BACASS:FASTQ_TRIM_FASTP_FASTQC:FASTQC_RAW (ERR044595) | 2 of 2 ✔
[70/72e41e] NFCORE_BACASS:BACASS:FASTQ_TRIM_FASTP_FASTQC:FASTP (ERR064912)      | 1 of 2
[94/ee146c] NFC…E_BACASS:BACASS:FASTQ_TRIM_FASTP_FASTQC:FASTQC_TRIM (ERR064912) | 1 of 1
[-        ] NFCORE_BACASS:BACASS:QC_NANOPLOT_TOULLIGQC:NANOPLOT                 -
[-        ] NFCORE_BACASS:BACASS:QC_NANOPLOT_TOULLIGQC:TOULLIGQC                -
[28/fe1050] NFCORE_BACASS:BACASS:UNICYCLER (ERR064912)                          | 0 of 1
[-        ] NFCORE_BACASS:BACASS:QUAST                                          -
[-        ] NFCORE_BACASS:BACASS:BUSCO_BUSCO                                    -
[-        ] NFCORE_BACASS:BACASS:GUNZIP                                         -
[-        ] NFCORE_BACASS:BACASS:PROKKA                                         -
[-        ] NFCORE_BACASS:BACASS:CUSTOM_MULTIQC                                 -
Execution cancelled -- Finishing pending tasks before exit
-[nf-core/bacass] Pipeline completed with errors-
ERROR ~ Error executing process > 'NFCORE_BACASS:BACASS:UNICYCLER (ERR064912)'

Caused by:
  Process `NFCORE_BACASS:BACASS:UNICYCLER (ERR064912)` terminated with an error exit status (127)


Command executed:

  unicycler \
      --threads 4 \
       \
      -1 ERR064912_1.fastp.fastq.gz -2 ERR064912_2.fastp.fastq.gz \
       \
      --out ./
  
  mv assembly.fasta ERR064912.scaffolds.fa
  gzip -n ERR064912.scaffolds.fa
  mv assembly.gfa ERR064912.assembly.gfa
  gzip -n ERR064912.assembly.gfa
  mv unicycler.log ERR064912.unicycler.log
  
  cat <<-END_VERSIONS > versions.yml
  "NFCORE_BACASS:BACASS:UNICYCLER":
      unicycler: $(echo $(unicycler --version 2>&1) | sed 's/^.*Unicycler v//; s/ .*$//')
  END_VERSIONS

Command exit status:
  127

Command output:
  (empty)

Command error:
  .command.sh: line 3: unicycler: command not found

Work dir:
  /home/vy/coding/web_dev/genome_pipeline_platfrom/work/28/fe10508d36fb9d6de91fddba7e8d78

Tip: when you have fixed the problem you can continue the execution adding the option `-resume` to the run command line

 -- Check '.nextflow.log' file for details
ERROR ~ Pipeline failed. Please refer to troubleshooting docs: https://nf-co.re/docs/usage/troubleshooting

 -- Check '.nextflow.log' file for details

executor >  local (6)
[2b/275caa] NFCORE_BACASS:BACASS:CAT_FASTQ_SHORT (ERR044595)                    | 1 of 1 ✔
[af/e9aef6] NFCORE_BACASS:BACASS:FASTQ_TRIM_FASTP_FASTQC:FASTQC_RAW (ERR044595) | 2 of 2 ✔
[70/72e41e] NFCORE_BACASS:BACASS:FASTQ_TRIM_FASTP_FASTQC:FASTP (ERR064912)      | 1 of 2
[94/ee146c] NFC…E_BACASS:BACASS:FASTQ_TRIM_FASTP_FASTQC:FASTQC_TRIM (ERR064912) | 1 of 1
[-        ] NFCORE_BACASS:BACASS:QC_NANOPLOT_TOULLIGQC:NANOPLOT                 -
[-        ] NFCORE_BACASS:BACASS:QC_NANOPLOT_TOULLIGQC:TOULLIGQC                -
[28/fe1050] NFCORE_BACASS:BACASS:UNICYCLER (ERR064912)                          | 0 of 1
[-        ] NFCORE_BACASS:BACASS:QUAST                                          -
[-        ] NFCORE_BACASS:BACASS:BUSCO_BUSCO                                    -
[-        ] NFCORE_BACASS:BACASS:GUNZIP                                         -
[-        ] NFCORE_BACASS:BACASS:PROKKA                                         -
[-        ] NFCORE_BACASS:BACASS:CUSTOM_MULTIQC                                 -
Execution cancelled -- Finishing pending tasks before exit
-[nf-core/bacass] Pipeline completed with errors-
ERROR ~ Error executing process > 'NFCORE_BACASS:BACASS:UNICYCLER (ERR064912)'

Caused by:
  Process `NFCORE_BACASS:BACASS:UNICYCLER (ERR064912)` terminated with an error exit status (127)


Command executed:

  unicycler \
      --threads 4 \
       \
      -1 ERR064912_1.fastp.fastq.gz -2 ERR064912_2.fastp.fastq.gz \
       \
      --out ./
  
  mv assembly.fasta ERR064912.scaffolds.fa
  gzip -n ERR064912.scaffolds.fa
  mv assembly.gfa ERR064912.assembly.gfa
  gzip -n ERR064912.assembly.gfa
  mv unicycler.log ERR064912.unicycler.log
  
  cat <<-END_VERSIONS > versions.yml
  "NFCORE_BACASS:BACASS:UNICYCLER":
      unicycler: $(echo $(unicycler --version 2>&1) | sed 's/^.*Unicycler v//; s/ .*$//')
  END_VERSIONS

Command exit status:
  127

Command output:
  (empty)

Command error:
  .command.sh: line 3: unicycler: command not found

Work dir:
  /home/vy/coding/web_dev/genome_pipeline_platfrom/work/28/fe10508d36fb9d6de91fddba7e8d78

Tip: when you have fixed the problem you can continue the execution adding the option `-resume` to the run command line

 -- Check '.nextflow.log' file for details
ERROR ~ Pipeline failed. Please refer to troubleshooting docs: https://nf-co.re/docs/usage/troubleshooting

 -- Check '.nextflow.log' file for details

